main.c:79:7:RetargetInit	16	static
main.c:85:5:_isatty	16	static
main.c:94:5:_write	32	static
main.c:108:5:_close	16	static
main.c:116:5:_lseek	24	static
main.c:125:5:_read	32	static
main.c:140:5:_fstat	16	static
main.c:159:5:main	216	static
main.c:283:6:SystemClock_Config	88	static
main.c:328:13:MX_USART1_UART_Init	8	static
main.c:361:13:MX_USART2_UART_Init	8	static
main.c:394:13:MX_USART3_UART_Init	8	static
main.c:427:13:MX_GPIO_Init	16	static
main.c:438:6:HAL_UART_RxCpltCallback	16	static
main.c:457:5:Wait_for	24	static
main.c:475:6:HAL_TIM_PeriodElapsedCallback	16	static
main.c:492:6:Error_Handler	4	static,ignoring_inline_asm
