main.c:147:6:MPU6050_Init	32	static
main.c:198:6:fake_gps_init	4	static
main.c:240:12:get_coordinate	32	static
main.c:246:6:reset_esp8266	8	static
main.c:262:7:float_sum	24	static
main.c:271:6:fall_counter_increment	16	static
main.c:287:5:main	8	static
main.c:359:6:SystemClock_Config	88	static
main.c:404:13:MX_ADC1_Init	24	static
main.c:454:13:MX_I2C1_Init	8	static
main.c:488:13:MX_TIM2_Init	32	static
main.c:533:13:MX_TIM3_Init	32	static
main.c:578:13:MX_TIM4_Init	32	static
main.c:623:13:MX_USART2_UART_Init	8	static
main.c:656:13:MX_USART3_UART_Init	8	static
main.c:687:13:MX_DMA_Init	16	static
main.c:705:13:MX_GPIO_Init	48	static
main.c:749:6:HAL_TIM_PeriodElapsedCallback	40	static
main.c:815:6:HAL_GPIO_EXTI_Callback	152	static
main.c:875:6:HAL_ADC_ConvCpltCallback	32	static
main.c:891:6:HAL_I2C_MasterRxCpltCallback	200	dynamic
main.c:992:6:Error_Handler	4	static,ignoring_inline_asm
