syscalls.c:55:7:RetargetInit	16	static
syscalls.c:64:6:initialise_monitor_handles	4	static
syscalls.c:68:5:_getpid	4	static
syscalls.c:73:5:_kill	16	static
syscalls.c:79:6:_exit	16	static
syscalls.c:85:27:_read	32	static
syscalls.c:109:27:_write	32	static
syscalls.c:124:5:_close	16	static
syscalls.c:130:5:_fstat	16	static
syscalls.c:136:5:_isatty	16	static
syscalls.c:141:5:_lseek	24	static
syscalls.c:146:5:_open	12	static
syscalls.c:152:5:_wait	16	static
syscalls.c:158:5:_unlink	16	static
syscalls.c:164:5:_times	16	static
syscalls.c:169:5:_stat	16	static
syscalls.c:175:5:_link	16	static
syscalls.c:181:5:_fork	8	static
syscalls.c:187:5:_execve	24	static
